// Jest Snapshot v1, https://goo.gl/fbAQLP

exports[`App should render correctly 1`] = `
<div>
  <h1>
    Sprinklr
  </h1>
  <Menu
    displayModal={[Function]}
    handleOrderButtonClick={[Function]}
  />
  <AddPlantModal
    handleSubmit={[Function]}
    isVisible={false}
  />
  <PlantList
    handlePlantTileClick={[Function]}
    plants={Array []}
    sort={false}
  />
</div>
`;
